------------------------------------------------------------
TimeQuest Timing Analyzer Summary
------------------------------------------------------------

Type  : Slow 1200mV 85C Model Setup 'gpio[7]'
Slack : -3.151
TNS   : -45.953

Type  : Slow 1200mV 85C Model Setup 'sipo:inputReg|Q[0]'
Slack : -0.209
TNS   : -0.209

Type  : Slow 1200mV 85C Model Hold 'sipo:inputReg|Q[0]'
Slack : 0.405
TNS   : 0.000

Type  : Slow 1200mV 85C Model Hold 'gpio[7]'
Slack : 0.483
TNS   : 0.000

Type  : Slow 1200mV 85C Model Recovery 'sipo:inputReg|Q[0]'
Slack : -0.463
TNS   : -1.389

Type  : Slow 1200mV 85C Model Removal 'sipo:inputReg|Q[0]'
Slack : 0.981
TNS   : 0.000

Type  : Slow 1200mV 85C Model Minimum Pulse Width 'gpio[7]'
Slack : -3.210
TNS   : -58.465

Type  : Slow 1200mV 85C Model Minimum Pulse Width 'sipo:inputReg|Q[0]'
Slack : -1.285
TNS   : -3.855

Type  : Slow 1200mV 0C Model Setup 'gpio[7]'
Slack : -2.759
TNS   : -38.658

Type  : Slow 1200mV 0C Model Setup 'sipo:inputReg|Q[0]'
Slack : -0.084
TNS   : -0.084

Type  : Slow 1200mV 0C Model Hold 'sipo:inputReg|Q[0]'
Slack : 0.356
TNS   : 0.000

Type  : Slow 1200mV 0C Model Hold 'gpio[7]'
Slack : 0.445
TNS   : 0.000

Type  : Slow 1200mV 0C Model Recovery 'sipo:inputReg|Q[0]'
Slack : -0.321
TNS   : -0.963

Type  : Slow 1200mV 0C Model Removal 'sipo:inputReg|Q[0]'
Slack : 0.887
TNS   : 0.000

Type  : Slow 1200mV 0C Model Minimum Pulse Width 'gpio[7]'
Slack : -3.210
TNS   : -58.465

Type  : Slow 1200mV 0C Model Minimum Pulse Width 'sipo:inputReg|Q[0]'
Slack : -1.285
TNS   : -3.855

Type  : Fast 1200mV 0C Model Setup 'gpio[7]'
Slack : -1.027
TNS   : -12.108

Type  : Fast 1200mV 0C Model Setup 'sipo:inputReg|Q[0]'
Slack : 0.407
TNS   : 0.000

Type  : Fast 1200mV 0C Model Hold 'gpio[7]'
Slack : 0.178
TNS   : 0.000

Type  : Fast 1200mV 0C Model Hold 'sipo:inputReg|Q[0]'
Slack : 0.184
TNS   : 0.000

Type  : Fast 1200mV 0C Model Recovery 'sipo:inputReg|Q[0]'
Slack : 0.273
TNS   : 0.000

Type  : Fast 1200mV 0C Model Removal 'sipo:inputReg|Q[0]'
Slack : 0.479
TNS   : 0.000

Type  : Fast 1200mV 0C Model Minimum Pulse Width 'gpio[7]'
Slack : -3.000
TNS   : -58.618

Type  : Fast 1200mV 0C Model Minimum Pulse Width 'sipo:inputReg|Q[0]'
Slack : -1.000
TNS   : -3.000

------------------------------------------------------------
