------------------------------------------------------------
TimeQuest Timing Analyzer Summary
------------------------------------------------------------

Type  : Slow 1200mV 85C Model Setup 'gpio[7]'
Slack : -3.955
TNS   : -64.709

Type  : Slow 1200mV 85C Model Setup 'sipo:inputReg|Q[0]'
Slack : -0.055
TNS   : -0.055

Type  : Slow 1200mV 85C Model Hold 'gpio[7]'
Slack : 0.287
TNS   : 0.000

Type  : Slow 1200mV 85C Model Hold 'sipo:inputReg|Q[0]'
Slack : 0.404
TNS   : 0.000

Type  : Slow 1200mV 85C Model Recovery 'sipo:inputReg|Q[0]'
Slack : -0.488
TNS   : -1.464

Type  : Slow 1200mV 85C Model Removal 'sipo:inputReg|Q[0]'
Slack : 1.002
TNS   : 0.000

Type  : Slow 1200mV 85C Model Minimum Pulse Width 'gpio[7]'
Slack : -3.210
TNS   : -63.605

Type  : Slow 1200mV 85C Model Minimum Pulse Width 'sipo:inputReg|Q[0]'
Slack : -1.285
TNS   : -3.855

Type  : Slow 1200mV 0C Model Setup 'gpio[7]'
Slack : -3.493
TNS   : -56.089

Type  : Slow 1200mV 0C Model Setup 'sipo:inputReg|Q[0]'
Slack : 0.049
TNS   : 0.000

Type  : Slow 1200mV 0C Model Hold 'gpio[7]'
Slack : 0.205
TNS   : 0.000

Type  : Slow 1200mV 0C Model Hold 'sipo:inputReg|Q[0]'
Slack : 0.355
TNS   : 0.000

Type  : Slow 1200mV 0C Model Recovery 'sipo:inputReg|Q[0]'
Slack : -0.344
TNS   : -1.032

Type  : Slow 1200mV 0C Model Removal 'sipo:inputReg|Q[0]'
Slack : 0.906
TNS   : 0.000

Type  : Slow 1200mV 0C Model Minimum Pulse Width 'gpio[7]'
Slack : -3.210
TNS   : -63.605

Type  : Slow 1200mV 0C Model Minimum Pulse Width 'sipo:inputReg|Q[0]'
Slack : -1.285
TNS   : -3.855

Type  : Fast 1200mV 0C Model Setup 'gpio[7]'
Slack : -1.504
TNS   : -20.115

Type  : Fast 1200mV 0C Model Setup 'sipo:inputReg|Q[0]'
Slack : 0.489
TNS   : 0.000

Type  : Fast 1200mV 0C Model Hold 'gpio[7]'
Slack : 0.112
TNS   : 0.000

Type  : Fast 1200mV 0C Model Hold 'sipo:inputReg|Q[0]'
Slack : 0.182
TNS   : 0.000

Type  : Fast 1200mV 0C Model Recovery 'sipo:inputReg|Q[0]'
Slack : 0.258
TNS   : 0.000

Type  : Fast 1200mV 0C Model Removal 'sipo:inputReg|Q[0]'
Slack : 0.489
TNS   : 0.000

Type  : Fast 1200mV 0C Model Minimum Pulse Width 'gpio[7]'
Slack : -3.000
TNS   : -56.255

Type  : Fast 1200mV 0C Model Minimum Pulse Width 'sipo:inputReg|Q[0]'
Slack : -1.000
TNS   : -3.000

------------------------------------------------------------
